{"version":"2.0.3","files":{"examples/TerrariaClone/src/TerrariaClone.java":{"count_blocks":20},"examples/TerrariaClone/src/Player.java":{"count_blocks":2},"examples/TerrariaClone/src/Inventory.java":{"count_blocks":7},"examples/TerrariaClone/src/Entity.java":{"count_blocks":1},"examples/TerrariaClone/src/TextField.java":{"count_blocks":1},"examples/TerrariaClone/src/World.java":{"count_blocks":6}},"matches":[{"files":{"examples/TerrariaClone/src/TerrariaClone.java":{"count_blocks":2}},"blocks":{"examples/TerrariaClone/src/TerrariaClone.java":[{"starting_line":4047,"block_length":55},{"starting_line":6124,"block_length":55}]}},{"files":{"examples/TerrariaClone/src/Inventory.java":{"count_blocks":2}},"blocks":{"examples/TerrariaClone/src/Inventory.java":[{"starting_line":47,"block_length":30},{"starting_line":947,"block_length":30}]}},{"files":{"examples/TerrariaClone/src/TerrariaClone.java":{"count_blocks":4}},"blocks":{"examples/TerrariaClone/src/TerrariaClone.java":[{"starting_line":2638,"block_length":29},{"starting_line":3690,"block_length":29},{"starting_line":4047,"block_length":29},{"starting_line":6124,"block_length":29}]}},{"files":{"examples/TerrariaClone/src/Entity.java":{"count_blocks":1},"examples/TerrariaClone/src/TextField.java":{"count_blocks":1},"examples/TerrariaClone/src/Player.java":{"count_blocks":1},"examples/TerrariaClone/src/Inventory.java":{"count_blocks":1},"examples/TerrariaClone/src/TerrariaClone.java":{"count_blocks":1},"examples/TerrariaClone/src/World.java":{"count_blocks":1}},"blocks":{"examples/TerrariaClone/src/TerrariaClone.java":[{"starting_line":6535,"block_length":27}],"examples/TerrariaClone/src/Player.java":[{"starting_line":328,"block_length":27}],"examples/TerrariaClone/src/Inventory.java":[{"starting_line":1675,"block_length":27}],"examples/TerrariaClone/src/Entity.java":[{"starting_line":621,"block_length":27}],"examples/TerrariaClone/src/TextField.java":[{"starting_line":57,"block_length":27}],"examples/TerrariaClone/src/World.java":[{"starting_line":1360,"block_length":27}]}},{"files":{"examples/TerrariaClone/src/Inventory.java":{"count_blocks":2}},"blocks":{"examples/TerrariaClone/src/Inventory.java":[{"starting_line":1247,"block_length":23},{"starting_line":1369,"block_length":23}]}},{"files":{"examples/TerrariaClone/src/Inventory.java":{"count_blocks":2}},"blocks":{"examples/TerrariaClone/src/Inventory.java":[{"starting_line":1339,"block_length":27},{"starting_line":1465,"block_length":27}]}},{"files":{"examples/TerrariaClone/src/World.java":{"count_blocks":1},"examples/TerrariaClone/src/Player.java":{"count_blocks":1}},"blocks":{"examples/TerrariaClone/src/World.java":[{"starting_line":1356,"block_length":31}],"examples/TerrariaClone/src/Player.java":[{"starting_line":324,"block_length":31}]}},{"files":{"examples/TerrariaClone/src/TerrariaClone.java":{"count_blocks":2}},"blocks":{"examples/TerrariaClone/src/TerrariaClone.java":[{"starting_line":4363,"block_length":90},{"starting_line":4492,"block_length":90}]}},{"files":{"examples/TerrariaClone/src/TerrariaClone.java":{"count_blocks":2}},"blocks":{"examples/TerrariaClone/src/TerrariaClone.java":[{"starting_line":1042,"block_length":28},{"starting_line":1072,"block_length":28}]}},{"files":{"examples/TerrariaClone/src/TerrariaClone.java":{"count_blocks":3}},"blocks":{"examples/TerrariaClone/src/TerrariaClone.java":[{"starting_line":1927,"block_length":57},{"starting_line":1986,"block_length":57},{"starting_line":2045,"block_length":57}]}},{"files":{"examples/TerrariaClone/src/TerrariaClone.java":{"count_blocks":2}},"blocks":{"examples/TerrariaClone/src/TerrariaClone.java":[{"starting_line":1985,"block_length":58},{"starting_line":2044,"block_length":58}]}},{"files":{"examples/TerrariaClone/src/TerrariaClone.java":{"count_blocks":2}},"blocks":{"examples/TerrariaClone/src/TerrariaClone.java":[{"starting_line":4771,"block_length":49},{"starting_line":4904,"block_length":49}]}},{"files":{"examples/TerrariaClone/src/TerrariaClone.java":{"count_blocks":2}},"blocks":{"examples/TerrariaClone/src/TerrariaClone.java":[{"starting_line":4820,"block_length":20},{"starting_line":4954,"block_length":20}]}},{"files":{"examples/TerrariaClone/src/World.java":{"count_blocks":2}},"blocks":{"examples/TerrariaClone/src/World.java":[{"starting_line":568,"block_length":25},{"starting_line":640,"block_length":25}]}},{"files":{"examples/TerrariaClone/src/World.java":{"count_blocks":2}},"blocks":{"examples/TerrariaClone/src/World.java":[{"starting_line":743,"block_length":172},{"starting_line":924,"block_length":172}]}}]}
